Vercel CLI 59.23.2 (Node.js 24.16.0)
Deploying modelfit
Uploading [--------------------] (0.0B/53.8KB)
Uploading [=====---------------] (16.0KB/53.8KB)
Uploading [===========---------] (32.0KB/53.8KB)
Uploading [====================] (53.8KB/53.8KB)
  Inspect         https://vercel.com/keyt9750-7169s-projects/modelfit/ANGwJK2HNPmc73bLm1s1zbGY1TVT
  Production      https://modelfit-9oe9q6tjd-keyt9750-7169s-projects.vercel.app
Building…
Building…
Running build in Washington, D.C., USA (East) – iad1
Build machine configuration: 2 cores, 8 GB
Retrieving list of deployment files...
Previous build caches not available.
Downloading 330 deployment files...
[2K[1A[2K[G  Production      https://modelfit-9oe9q6tjd-keyt9750-7169s-projects.vercel.app
Completing…
▲ Aliased         https://modelfit-eight.vercel.app
{
  "status": "ok",
  "deployment": {
    "id": "dpl_ANGwJK2HNPmc73bLm1s1zbGY1TVT",
    "url": "https://modelfit-9oe9q6tjd-keyt9750-7169s-projects.vercel.app",
    "inspectorUrl": "https://vercel.com/keyt9750-7169s-projects/modelfit/ANGwJK2HNPmc73bLm1s1zbGY1TVT",
    "readyState": "READY",
    "target": "production",
    "deploymentApiUrl": "https://api.vercel.com/v13/deployments/dpl_ANGwJK2HNPmc73bLm1s1zbGY1TVT",
    "buildMachine": {
      "cores": 2,
      "memory": 8192,
      "machine": "basic",
      "selectionType": "fixed",
      "selectionSource": "plan-default"
    }
  },
  "message": "Deployment modelfit-9oe9q6tjd-keyt9750-7169s-projects.vercel.app ready.",
  "next": [
    {
      "command": "vercel git connect",
      "when": "Automatically deploy changes on every push"
    },
    {
      "command": "vercel curl https://modelfit-9oe9q6tjd-keyt9750-7169s-projects.vercel.app",
      "when": "Verify deployment, including when Deployment Protection is enabled"
    },
    {
      "command": "vercel inspect modelfit-9oe9q6tjd-keyt9750-7169s-projects.vercel.app",
      "when": "Inspect deployment"
    },
    {
      "command": "vercel deploy --prod",
      "when": "Promote to production"
    }
  ]
}
